
> my-v0-project@0.1.0 build
> next build

node.exe : [baseline-browser-mapping] The data in this 
module is over two months old.  To ensure accurate 
Baseline data, please update: `npm i 
baseline-browser-mapping@latest -D`
At C:\Program Files\nodejs\npm.ps1:29 char:3
+   & $NODE_EXE $NPM_CLI_JS $args
+   ~~~~~~~~~~~~~~~~~~~~~~~~~~~~~
    + CategoryInfo          : NotSpecified: ([baseline-b 
   rows...ping@latest -D`:String) [], RemoteException
    + FullyQualifiedErrorId : NativeCommandError
 
   Γû▓ Next.js 16.0.10 (Turbopack)

   Creating an optimized production build ...
[baseline-browser-mapping] The data in this module is 
over two months old.  To ensure accurate Baseline data, 
please update: `npm i baseline-browser-mapping@latest -D`
 Γ£ô Compiled successfully in 2.8s
   Running TypeScript ...
Failed to compile.

./app/page.tsx:200:20
Type error: Cannot find name 'includeResearch'.

[0m [90m 198 |[39m   [36mconst[39m handleRetry 
[33m=[39m () [33m=>[39m {
 [90m 199 |[39m     setError([36mnull[39m)
[31m[1m>[22m[39m[90m 200 |[39m     
handleGenerate(includeResearch)
 [90m     |[39m                    [31m[1m^[22m[39m
 [90m 201 |[39m   }
 [90m 202 |[39m
 [90m 203 |[39m   [36mreturn[39m ([0m
Next.js build worker exited with code: 1 and signal: null
