lib/hooks/use-challenge-generator.ts(145,69): error TS2339: Property 'position' does not exist on type 'ChallengeStatement'.
